Assuming unrestricted shared filesystem usage.
host: jebins-PC
Building DAG of jobs...
Using shell: /usr/bin/bash
Provided cores: 2
Rules claiming more threads will be scaled down.
Job stats:
job                 count
----------------  -------
download_genomes        1
parse_genomes           1
blast                   1
filter_blast            1
run_pango               1
total                   5

Select jobs to execute...
Execute 1 jobs...
[Thu Mar 26 23:07:51 2026]
localrule download_genomes:
    output: ../genome_fasta/GCF_000009045.1_ASM904v1.fna
    jobid: 4
    reason: Missing output files: ../genome_fasta/GCF_000009045.1_ASM904v1.fna
    resources: tmpdir=/tmp
[Thu Mar 26 23:08:54 2026]
Finished jobid: 4 (Rule: download_genomes)
1 of 5 steps (20%) done
Select jobs to execute...
Execute 1 jobs...
[Thu Mar 26 23:08:54 2026]
localrule parse_genomes:
    input: ../genome_fasta/GCF_000009045.1_ASM904v1.fna
    output: ../genome_fasta_parsed/GCF_000009045.1.fna
    jobid: 3
    reason: Missing output files: ../genome_fasta_parsed/GCF_000009045.1.fna; Input files updated by another job: ../genome_fasta/GCF_000009045.1_ASM904v1.fna
    resources: tmpdir=/tmp
[Thu Mar 26 23:08:54 2026]
Finished jobid: 3 (Rule: parse_genomes)
2 of 5 steps (40%) done
Select jobs to execute...
Execute 1 jobs...
[Thu Mar 26 23:08:54 2026]
localrule blast:
    input: ../genome_fasta_parsed/GCF_000009045.1.fna
    output: blasted.snaketemp
    jobid: 2
    reason: Missing output files: blasted.snaketemp; Input files updated by another job: ../genome_fasta_parsed/GCF_000009045.1.fna
    resources: tmpdir=/tmp
[Thu Mar 26 23:13:12 2026]
Finished jobid: 2 (Rule: blast)
3 of 5 steps (60%) done
Select jobs to execute...
Execute 1 jobs...
[Thu Mar 26 23:13:12 2026]
localrule filter_blast:
    input: blasted.snaketemp
    output: filtered_blast.snaketemp
    jobid: 1
    reason: Missing output files: filtered_blast.snaketemp; Input files updated by another job: blasted.snaketemp
    resources: tmpdir=/tmp
[Thu Mar 26 23:13:16 2026]
Finished jobid: 1 (Rule: filter_blast)
4 of 5 steps (80%) done
Select jobs to execute...
Execute 1 jobs...
[Thu Mar 26 23:13:16 2026]
localrule run_pango:
    input: filtered_blast.snaketemp
    output: ../out/pangenome.csv
    jobid: 0
    reason: Missing output files: ../out/pangenome.csv; Input files updated by another job: filtered_blast.snaketemp
    resources: tmpdir=/tmp
[Thu Mar 26 23:13:38 2026]
Finished jobid: 0 (Rule: run_pango)
5 of 5 steps (100%) done
Complete log(s): /home/jebin/JB/Projects/pango/example/codes/.snakemake/log/2026-03-26T230751.852878.snakemake.log
